2835 train samples
462 test samples
train:
dec: 54%,  inc: 45%
validation:
dec: 55%,  inc: 44%
test:
dec: 55%,  inc: 44%
Train on 2835 samples, validate on 462 samples
Epoch 1/20
2019-03-16 21:20:06.226228: I tensorflow/core/platform/cpu_feature_guard.cc:141] Your CPU supports instructions that this TensorFlow binary was not compiled to use: AVX2 FMA
2019-03-16 21:20:06.253826: I tensorflow/core/platform/profile_utils/cpu_utils.cc:94] CPU Frequency: 1992000000 Hz
2019-03-16 21:20:06.254430: I tensorflow/compiler/xla/service/service.cc:150] XLA service 0x231a6c0 executing computations on platform Host. Devices:
2019-03-16 21:20:06.254461: I tensorflow/compiler/xla/service/service.cc:158]   StreamExecutor device (0): <undefined>, <undefined>

 200/2835 [=>............................] - ETA: 15s - loss: 0.4292 - binary_accuracy: 0.5400
 400/2835 [===>..........................] - ETA: 11s - loss: 0.4342 - binary_accuracy: 0.5300
 600/2835 [=====>........................] - ETA: 9s - loss: 0.4291 - binary_accuracy: 0.5317
 800/2835 [=======>......................] - ETA: 7s - loss: 0.4113 - binary_accuracy: 0.5488
1000/2835 [=========>....................] - ETA: 6s - loss: 0.4130 - binary_accuracy: 0.5460
1200/2835 [===========>..................] - ETA: 5s - loss: 0.4080 - binary_accuracy: 0.5500
1400/2835 [=============>................] - ETA: 4s - loss: 0.4038 - binary_accuracy: 0.5521
1600/2835 [===============>..............] - ETA: 4s - loss: 0.4046 - binary_accuracy: 0.5494
1800/2835 [==================>...........] - ETA: 3s - loss: 0.3986 - binary_accuracy: 0.5544
2000/2835 [====================>.........] - ETA: 2s - loss: 0.4005 - binary_accuracy: 0.5510
2200/2835 [======================>.......] - ETA: 1s - loss: 0.4021 - binary_accuracy: 0.5473
2400/2835 [========================>.....] - ETA: 1s - loss: 0.4023 - binary_accuracy: 0.5450
2600/2835 [==========================>...] - ETA: 0s - loss: 0.4027 - binary_accuracy: 0.5431
2800/2835 [============================>.] - ETA: 0s - loss: 0.4044 - binary_accuracy: 0.5393
2835/2835 [==============================] - 9s 3ms/step - loss: 0.4035 - binary_accuracy: 0.5400 - val_loss: 0.3674 - val_binary_accuracy: 0.5563
Epoch 2/20

 200/2835 [=>............................] - ETA: 6s - loss: 0.3676 - binary_accuracy: 0.5500
 400/2835 [===>..........................] - ETA: 6s - loss: 0.3638 - binary_accuracy: 0.5575
 600/2835 [=====>........................] - ETA: 5s - loss: 0.3670 - binary_accuracy: 0.5517
 800/2835 [=======>......................] - ETA: 5s - loss: 0.3701 - binary_accuracy: 0.5488
1000/2835 [=========>....................] - ETA: 4s - loss: 0.3815 - binary_accuracy: 0.5350
1200/2835 [===========>..................] - ETA: 4s - loss: 0.3806 - binary_accuracy: 0.5350
1400/2835 [=============>................] - ETA: 3s - loss: 0.3771 - binary_accuracy: 0.5386
1600/2835 [===============>..............] - ETA: 3s - loss: 0.3779 - binary_accuracy: 0.5363
1800/2835 [==================>...........] - ETA: 2s - loss: 0.3722 - binary_accuracy: 0.5428
2000/2835 [====================>.........] - ETA: 2s - loss: 0.3725 - binary_accuracy: 0.5415
2200/2835 [======================>.......] - ETA: 1s - loss: 0.3707 - binary_accuracy: 0.5432
2400/2835 [========================>.....] - ETA: 1s - loss: 0.3704 - binary_accuracy: 0.5425
2600/2835 [==========================>...] - ETA: 0s - loss: 0.3713 - binary_accuracy: 0.5396
2800/2835 [============================>.] - ETA: 0s - loss: 0.3701 - binary_accuracy: 0.5404
2835/2835 [==============================] - 8s 3ms/step - loss: 0.3704 - binary_accuracy: 0.5400 - val_loss: 0.3445 - val_binary_accuracy: 0.5563
Epoch 3/20

 200/2835 [=>............................] - ETA: 7s - loss: 0.3971 - binary_accuracy: 0.4900
 400/2835 [===>..........................] - ETA: 7s - loss: 0.3563 - binary_accuracy: 0.5425
 600/2835 [=====>........................] - ETA: 6s - loss: 0.3583 - binary_accuracy: 0.5367
 800/2835 [=======>......................] - ETA: 6s - loss: 0.3645 - binary_accuracy: 0.5288
1000/2835 [=========>....................] - ETA: 5s - loss: 0.3619 - binary_accuracy: 0.5310
1200/2835 [===========>..................] - ETA: 4s - loss: 0.3594 - binary_accuracy: 0.5333
1400/2835 [=============>................] - ETA: 4s - loss: 0.3534 - binary_accuracy: 0.5400
1600/2835 [===============>..............] - ETA: 3s - loss: 0.3524 - binary_accuracy: 0.5406
1800/2835 [==================>...........] - ETA: 3s - loss: 0.3523 - binary_accuracy: 0.5411
2000/2835 [====================>.........] - ETA: 2s - loss: 0.3564 - binary_accuracy: 0.5345
2200/2835 [======================>.......] - ETA: 1s - loss: 0.3539 - binary_accuracy: 0.5368
2400/2835 [========================>.....] - ETA: 1s - loss: 0.3505 - binary_accuracy: 0.5404
2600/2835 [==========================>...] - ETA: 0s - loss: 0.3504 - binary_accuracy: 0.5396
2800/2835 [============================>.] - ETA: 0s - loss: 0.3507 - binary_accuracy: 0.5386
2835/2835 [==============================] - 9s 3ms/step - loss: 0.3496 - binary_accuracy: 0.5400 - val_loss: 0.3261 - val_binary_accuracy: 0.5563
Epoch 4/20

 200/2835 [=>............................] - ETA: 7s - loss: 0.3286 - binary_accuracy: 0.5550
 400/2835 [===>..........................] - ETA: 7s - loss: 0.3378 - binary_accuracy: 0.5400
 600/2835 [=====>........................] - ETA: 6s - loss: 0.3311 - binary_accuracy: 0.5517
 800/2835 [=======>......................] - ETA: 6s - loss: 0.3318 - binary_accuracy: 0.5475
1000/2835 [=========>....................] - ETA: 5s - loss: 0.3312 - binary_accuracy: 0.5460
1200/2835 [===========>..................] - ETA: 5s - loss: 0.3361 - binary_accuracy: 0.5375
1400/2835 [=============>................] - ETA: 4s - loss: 0.3263 - binary_accuracy: 0.5514
1600/2835 [===============>..............] - ETA: 3s - loss: 0.3272 - binary_accuracy: 0.5481
1800/2835 [==================>...........] - ETA: 3s - loss: 0.3269 - binary_accuracy: 0.5483
2000/2835 [====================>.........] - ETA: 2s - loss: 0.3267 - binary_accuracy: 0.5475
2200/2835 [======================>.......] - ETA: 1s - loss: 0.3268 - binary_accuracy: 0.5455
2400/2835 [========================>.....] - ETA: 1s - loss: 0.3281 - binary_accuracy: 0.5425
2600/2835 [==========================>...] - ETA: 0s - loss: 0.3281 - binary_accuracy: 0.5419
2800/2835 [============================>.] - ETA: 0s - loss: 0.3289 - binary_accuracy: 0.5396
2835/2835 [==============================] - 9s 3ms/step - loss: 0.3286 - binary_accuracy: 0.5400 - val_loss: 0.3092 - val_binary_accuracy: 0.5563
Epoch 5/20

 200/2835 [=>............................] - ETA: 7s - loss: 0.3514 - binary_accuracy: 0.5000
 400/2835 [===>..........................] - ETA: 7s - loss: 0.3466 - binary_accuracy: 0.5050
 600/2835 [=====>........................] - ETA: 6s - loss: 0.3334 - binary_accuracy: 0.5217
 800/2835 [=======>......................] - ETA: 6s - loss: 0.3248 - binary_accuracy: 0.5312
1000/2835 [=========>....................] - ETA: 5s - loss: 0.3244 - binary_accuracy: 0.5320
1200/2835 [===========>..................] - ETA: 4s - loss: 0.3224 - binary_accuracy: 0.5342
1400/2835 [=============>................] - ETA: 4s - loss: 0.3180 - binary_accuracy: 0.5421
1600/2835 [===============>..............] - ETA: 3s - loss: 0.3159 - binary_accuracy: 0.5450
1800/2835 [==================>...........] - ETA: 3s - loss: 0.3145 - binary_accuracy: 0.5472
2000/2835 [====================>.........] - ETA: 2s - loss: 0.3122 - binary_accuracy: 0.5505
2200/2835 [======================>.......] - ETA: 1s - loss: 0.3141 - binary_accuracy: 0.5464
2400/2835 [========================>.....] - ETA: 1s - loss: 0.3174 - binary_accuracy: 0.5404
2600/2835 [==========================>...] - ETA: 0s - loss: 0.3181 - binary_accuracy: 0.5385
2800/2835 [============================>.] - ETA: 0s - loss: 0.3174 - binary_accuracy: 0.5386
2835/2835 [==============================] - 9s 3ms/step - loss: 0.3165 - binary_accuracy: 0.5400 - val_loss: 0.2953 - val_binary_accuracy: 0.5563
Epoch 6/20

 200/2835 [=>............................] - ETA: 8s - loss: 0.2906 - binary_accuracy: 0.5700
 400/2835 [===>..........................] - ETA: 7s - loss: 0.2908 - binary_accuracy: 0.5700
 600/2835 [=====>........................] - ETA: 6s - loss: 0.2941 - binary_accuracy: 0.5633
 800/2835 [=======>......................] - ETA: 6s - loss: 0.2979 - binary_accuracy: 0.5550
1000/2835 [=========>....................] - ETA: 5s - loss: 0.2970 - binary_accuracy: 0.5570
1200/2835 [===========>..................] - ETA: 4s - loss: 0.3004 - binary_accuracy: 0.5500
1400/2835 [=============>................] - ETA: 4s - loss: 0.2994 - binary_accuracy: 0.5507
1600/2835 [===============>..............] - ETA: 3s - loss: 0.3023 - binary_accuracy: 0.5462
1800/2835 [==================>...........] - ETA: 3s - loss: 0.3035 - binary_accuracy: 0.5422
2000/2835 [====================>.........] - ETA: 2s - loss: 0.3026 - binary_accuracy: 0.5420
2200/2835 [======================>.......] - ETA: 1s - loss: 0.3025 - binary_accuracy: 0.5409
2400/2835 [========================>.....] - ETA: 1s - loss: 0.3018 - binary_accuracy: 0.5408
2600/2835 [==========================>...] - ETA: 0s - loss: 0.3020 - binary_accuracy: 0.5396
2800/2835 [============================>.] - ETA: 0s - loss: 0.3016 - binary_accuracy: 0.5404
2835/2835 [==============================] - 9s 3ms/step - loss: 0.3017 - binary_accuracy: 0.5400 - val_loss: 0.2826 - val_binary_accuracy: 0.5563
Epoch 7/20

 200/2835 [=>............................] - ETA: 7s - loss: 0.2824 - binary_accuracy: 0.5500
 400/2835 [===>..........................] - ETA: 7s - loss: 0.2813 - binary_accuracy: 0.5625
 600/2835 [=====>........................] - ETA: 6s - loss: 0.2901 - binary_accuracy: 0.5450
 800/2835 [=======>......................] - ETA: 6s - loss: 0.2937 - binary_accuracy: 0.5362
1000/2835 [=========>....................] - ETA: 5s - loss: 0.2955 - binary_accuracy: 0.5340
1200/2835 [===========>..................] - ETA: 5s - loss: 0.2957 - binary_accuracy: 0.5325
1400/2835 [=============>................] - ETA: 4s - loss: 0.2933 - binary_accuracy: 0.5364
1600/2835 [===============>..............] - ETA: 3s - loss: 0.2894 - binary_accuracy: 0.5412
1800/2835 [==================>...........] - ETA: 3s - loss: 0.2888 - binary_accuracy: 0.5433
2000/2835 [====================>.........] - ETA: 2s - loss: 0.2903 - binary_accuracy: 0.5385
2200/2835 [======================>.......] - ETA: 1s - loss: 0.2904 - binary_accuracy: 0.5382
2400/2835 [========================>.....] - ETA: 1s - loss: 0.2887 - binary_accuracy: 0.5400
2600/2835 [==========================>...] - ETA: 0s - loss: 0.2880 - binary_accuracy: 0.5423
2800/2835 [============================>.] - ETA: 0s - loss: 0.2871 - binary_accuracy: 0.5425
2835/2835 [==============================] - 9s 3ms/step - loss: 0.2881 - binary_accuracy: 0.5400 - val_loss: 0.2719 - val_binary_accuracy: 0.5563
Epoch 8/20

 200/2835 [=>............................] - ETA: 8s - loss: 0.2603 - binary_accuracy: 0.5950
 400/2835 [===>..........................] - ETA: 7s - loss: 0.2703 - binary_accuracy: 0.5675
 600/2835 [=====>........................] - ETA: 6s - loss: 0.2855 - binary_accuracy: 0.5333
 800/2835 [=======>......................] - ETA: 6s - loss: 0.2833 - binary_accuracy: 0.5363
1000/2835 [=========>....................] - ETA: 5s - loss: 0.2884 - binary_accuracy: 0.5240
1200/2835 [===========>..................] - ETA: 4s - loss: 0.2822 - binary_accuracy: 0.5358
1400/2835 [=============>................] - ETA: 4s - loss: 0.2807 - binary_accuracy: 0.5400
1600/2835 [===============>..............] - ETA: 3s - loss: 0.2769 - binary_accuracy: 0.5481
1800/2835 [==================>...........] - ETA: 3s - loss: 0.2791 - binary_accuracy: 0.5450
2000/2835 [====================>.........] - ETA: 2s - loss: 0.2791 - binary_accuracy: 0.5445
2200/2835 [======================>.......] - ETA: 2s - loss: 0.2801 - binary_accuracy: 0.5409
2400/2835 [========================>.....] - ETA: 1s - loss: 0.2789 - binary_accuracy: 0.5442
2600/2835 [==========================>...] - ETA: 0s - loss: 0.2798 - binary_accuracy: 0.5408
2800/2835 [============================>.] - ETA: 0s - loss: 0.2798 - binary_accuracy: 0.5404
2835/2835 [==============================] - 9s 3ms/step - loss: 0.2802 - binary_accuracy: 0.5397 - val_loss: 0.2642 - val_binary_accuracy: 0.5563
Epoch 9/20

 200/2835 [=>............................] - ETA: 8s - loss: 0.2588 - binary_accuracy: 0.5950
 400/2835 [===>..........................] - ETA: 6s - loss: 0.2595 - binary_accuracy: 0.5875
 600/2835 [=====>........................] - ETA: 6s - loss: 0.2718 - binary_accuracy: 0.5483
 800/2835 [=======>......................] - ETA: 5s - loss: 0.2712 - binary_accuracy: 0.5463
1000/2835 [=========>....................] - ETA: 4s - loss: 0.2708 - binary_accuracy: 0.5460
1200/2835 [===========>..................] - ETA: 4s - loss: 0.2709 - binary_accuracy: 0.5450
1400/2835 [=============>................] - ETA: 3s - loss: 0.2741 - binary_accuracy: 0.5393
1600/2835 [===============>..............] - ETA: 3s - loss: 0.2733 - binary_accuracy: 0.5419
1800/2835 [==================>...........] - ETA: 2s - loss: 0.2757 - binary_accuracy: 0.5350
2000/2835 [====================>.........] - ETA: 2s - loss: 0.2748 - binary_accuracy: 0.5380
2200/2835 [======================>.......] - ETA: 1s - loss: 0.2734 - binary_accuracy: 0.5405
2400/2835 [========================>.....] - ETA: 1s - loss: 0.2735 - binary_accuracy: 0.5396
2600/2835 [==========================>...] - ETA: 0s - loss: 0.2735 - binary_accuracy: 0.5388
2800/2835 [============================>.] - ETA: 0s - loss: 0.2730 - binary_accuracy: 0.5382
2835/2835 [==============================] - 9s 3ms/step - loss: 0.2731 - binary_accuracy: 0.5372 - val_loss: 0.2578 - val_binary_accuracy: 0.5563
Epoch 10/20

 200/2835 [=>............................] - ETA: 7s - loss: 0.2611 - binary_accuracy: 0.5600
 400/2835 [===>..........................] - ETA: 7s - loss: 0.2710 - binary_accuracy: 0.5275
 600/2835 [=====>........................] - ETA: 6s - loss: 0.2691 - binary_accuracy: 0.5333
 800/2835 [=======>......................] - ETA: 6s - loss: 0.2697 - binary_accuracy: 0.5375
1000/2835 [=========>....................] - ETA: 5s - loss: 0.2688 - binary_accuracy: 0.5390
1200/2835 [===========>..................] - ETA: 4s - loss: 0.2662 - binary_accuracy: 0.5475
1400/2835 [=============>................] - ETA: 4s - loss: 0.2680 - binary_accuracy: 0.5436
1600/2835 [===============>..............] - ETA: 3s - loss: 0.2676 - binary_accuracy: 0.5431
1800/2835 [==================>...........] - ETA: 3s - loss: 0.2663 - binary_accuracy: 0.5478
2000/2835 [====================>.........] - ETA: 2s - loss: 0.2666 - binary_accuracy: 0.5440
2200/2835 [======================>.......] - ETA: 1s - loss: 0.2666 - binary_accuracy: 0.5423
2400/2835 [========================>.....] - ETA: 1s - loss: 0.2655 - binary_accuracy: 0.5437
2600/2835 [==========================>...] - ETA: 0s - loss: 0.2647 - binary_accuracy: 0.5450
2800/2835 [============================>.] - ETA: 0s - loss: 0.2655 - binary_accuracy: 0.5407
2835/2835 [==============================] - 9s 3ms/step - loss: 0.2657 - binary_accuracy: 0.5400 - val_loss: 0.2531 - val_binary_accuracy: 0.5563
Epoch 11/20

 200/2835 [=>............................] - ETA: 9s - loss: 0.2501 - binary_accuracy: 0.5750
 400/2835 [===>..........................] - ETA: 7s - loss: 0.2568 - binary_accuracy: 0.5375
 600/2835 [=====>........................] - ETA: 7s - loss: 0.2592 - binary_accuracy: 0.5267
 800/2835 [=======>......................] - ETA: 6s - loss: 0.2590 - binary_accuracy: 0.5288
1000/2835 [=========>....................] - ETA: 5s - loss: 0.2602 - binary_accuracy: 0.5250
1200/2835 [===========>..................] - ETA: 5s - loss: 0.2635 - binary_accuracy: 0.5183
1400/2835 [=============>................] - ETA: 4s - loss: 0.2608 - binary_accuracy: 0.5293
1600/2835 [===============>..............] - ETA: 3s - loss: 0.2603 - binary_accuracy: 0.5338
1800/2835 [==================>...........] - ETA: 3s - loss: 0.2599 - binary_accuracy: 0.5356
2000/2835 [====================>.........] - ETA: 2s - loss: 0.2613 - binary_accuracy: 0.5325
2200/2835 [======================>.......] - ETA: 1s - loss: 0.2612 - binary_accuracy: 0.5318
2400/2835 [========================>.....] - ETA: 1s - loss: 0.2611 - binary_accuracy: 0.5329
2600/2835 [==========================>...] - ETA: 0s - loss: 0.2611 - binary_accuracy: 0.5304
2800/2835 [============================>.] - ETA: 0s - loss: 0.2603 - binary_accuracy: 0.5329
2835/2835 [==============================] - 9s 3ms/step - loss: 0.2603 - binary_accuracy: 0.5330 - val_loss: 0.2503 - val_binary_accuracy: 0.5563
Epoch 12/20

 200/2835 [=>............................] - ETA: 7s - loss: 0.2704 - binary_accuracy: 0.5050
 400/2835 [===>..........................] - ETA: 7s - loss: 0.2660 - binary_accuracy: 0.5125
 600/2835 [=====>........................] - ETA: 6s - loss: 0.2613 - binary_accuracy: 0.5333
 800/2835 [=======>......................] - ETA: 6s - loss: 0.2643 - binary_accuracy: 0.5237
1000/2835 [=========>....................] - ETA: 5s - loss: 0.2642 - binary_accuracy: 0.5250
1200/2835 [===========>..................] - ETA: 5s - loss: 0.2603 - binary_accuracy: 0.5375
1400/2835 [=============>................] - ETA: 4s - loss: 0.2596 - binary_accuracy: 0.5314
1600/2835 [===============>..............] - ETA: 3s - loss: 0.2573 - binary_accuracy: 0.5394
1800/2835 [==================>...........] - ETA: 3s - loss: 0.2575 - binary_accuracy: 0.5383
2000/2835 [====================>.........] - ETA: 2s - loss: 0.2580 - binary_accuracy: 0.5380
2200/2835 [======================>.......] - ETA: 1s - loss: 0.2587 - binary_accuracy: 0.5359
2400/2835 [========================>.....] - ETA: 1s - loss: 0.2588 - binary_accuracy: 0.5333
2600/2835 [==========================>...] - ETA: 0s - loss: 0.2595 - binary_accuracy: 0.5296
2800/2835 [============================>.] - ETA: 0s - loss: 0.2594 - binary_accuracy: 0.5279
2835/2835 [==============================] - 9s 3ms/step - loss: 0.2598 - binary_accuracy: 0.5259 - val_loss: 0.2481 - val_binary_accuracy: 0.5563
Epoch 13/20

 200/2835 [=>............................] - ETA: 6s - loss: 0.2529 - binary_accuracy: 0.5600
 400/2835 [===>..........................] - ETA: 6s - loss: 0.2572 - binary_accuracy: 0.5400
 600/2835 [=====>........................] - ETA: 5s - loss: 0.2557 - binary_accuracy: 0.5483
 800/2835 [=======>......................] - ETA: 5s - loss: 0.2550 - binary_accuracy: 0.5463
1000/2835 [=========>....................] - ETA: 4s - loss: 0.2565 - binary_accuracy: 0.5330
1200/2835 [===========>..................] - ETA: 4s - loss: 0.2551 - binary_accuracy: 0.5375
1400/2835 [=============>................] - ETA: 3s - loss: 0.2543 - binary_accuracy: 0.5400
1600/2835 [===============>..............] - ETA: 3s - loss: 0.2538 - binary_accuracy: 0.5413
1800/2835 [==================>...........] - ETA: 2s - loss: 0.2553 - binary_accuracy: 0.5344
2000/2835 [====================>.........] - ETA: 2s - loss: 0.2553 - binary_accuracy: 0.5340
2200/2835 [======================>.......] - ETA: 1s - loss: 0.2550 - binary_accuracy: 0.5350
2400/2835 [========================>.....] - ETA: 1s - loss: 0.2551 - binary_accuracy: 0.5354
2600/2835 [==========================>...] - ETA: 0s - loss: 0.2550 - binary_accuracy: 0.5346
2800/2835 [============================>.] - ETA: 0s - loss: 0.2542 - binary_accuracy: 0.5371
2835/2835 [==============================] - 8s 3ms/step - loss: 0.2543 - binary_accuracy: 0.5372 - val_loss: 0.2473 - val_binary_accuracy: 0.5563
Epoch 14/20

 200/2835 [=>............................] - ETA: 6s - loss: 0.2568 - binary_accuracy: 0.5500
 400/2835 [===>..........................] - ETA: 5s - loss: 0.2608 - binary_accuracy: 0.5225
 600/2835 [=====>........................] - ETA: 5s - loss: 0.2598 - binary_accuracy: 0.5150
 800/2835 [=======>......................] - ETA: 4s - loss: 0.2608 - binary_accuracy: 0.5125
1000/2835 [=========>....................] - ETA: 4s - loss: 0.2596 - binary_accuracy: 0.5110
1200/2835 [===========>..................] - ETA: 3s - loss: 0.2606 - binary_accuracy: 0.5067
1400/2835 [=============>................] - ETA: 3s - loss: 0.2593 - binary_accuracy: 0.5136
1600/2835 [===============>..............] - ETA: 3s - loss: 0.2590 - binary_accuracy: 0.5138
1800/2835 [==================>...........] - ETA: 2s - loss: 0.2590 - binary_accuracy: 0.5117
2000/2835 [====================>.........] - ETA: 2s - loss: 0.2579 - binary_accuracy: 0.5145
2200/2835 [======================>.......] - ETA: 1s - loss: 0.2572 - binary_accuracy: 0.5150
2400/2835 [========================>.....] - ETA: 1s - loss: 0.2570 - binary_accuracy: 0.5183
2600/2835 [==========================>...] - ETA: 0s - loss: 0.2573 - binary_accuracy: 0.5158
2800/2835 [============================>.] - ETA: 0s - loss: 0.2570 - binary_accuracy: 0.5164
2835/2835 [==============================] - 7s 3ms/step - loss: 0.2565 - binary_accuracy: 0.5185 - val_loss: 0.2471 - val_binary_accuracy: 0.5563
Epoch 15/20

 200/2835 [=>............................] - ETA: 6s - loss: 0.2675 - binary_accuracy: 0.4950
 400/2835 [===>..........................] - ETA: 5s - loss: 0.2628 - binary_accuracy: 0.5075
 600/2835 [=====>........................] - ETA: 5s - loss: 0.2589 - binary_accuracy: 0.5200
 800/2835 [=======>......................] - ETA: 4s - loss: 0.2573 - binary_accuracy: 0.5225
1000/2835 [=========>....................] - ETA: 4s - loss: 0.2579 - binary_accuracy: 0.5180
1200/2835 [===========>..................] - ETA: 3s - loss: 0.2574 - binary_accuracy: 0.5192
1400/2835 [=============>................] - ETA: 3s - loss: 0.2568 - binary_accuracy: 0.5186
1600/2835 [===============>..............] - ETA: 3s - loss: 0.2562 - binary_accuracy: 0.5187
1800/2835 [==================>...........] - ETA: 2s - loss: 0.2576 - binary_accuracy: 0.5100
2000/2835 [====================>.........] - ETA: 2s - loss: 0.2570 - binary_accuracy: 0.5110
2200/2835 [======================>.......] - ETA: 1s - loss: 0.2574 - binary_accuracy: 0.5077
2400/2835 [========================>.....] - ETA: 1s - loss: 0.2570 - binary_accuracy: 0.5117
2600/2835 [==========================>...] - ETA: 0s - loss: 0.2565 - binary_accuracy: 0.5142
2800/2835 [============================>.] - ETA: 0s - loss: 0.2557 - binary_accuracy: 0.5200
2835/2835 [==============================] - 8s 3ms/step - loss: 0.2555 - binary_accuracy: 0.5210 - val_loss: 0.2469 - val_binary_accuracy: 0.5563
Epoch 16/20

 200/2835 [=>............................] - ETA: 7s - loss: 0.2501 - binary_accuracy: 0.5500
 400/2835 [===>..........................] - ETA: 7s - loss: 0.2520 - binary_accuracy: 0.5375
 600/2835 [=====>........................] - ETA: 6s - loss: 0.2573 - binary_accuracy: 0.5150
 800/2835 [=======>......................] - ETA: 6s - loss: 0.2572 - binary_accuracy: 0.5150
1000/2835 [=========>....................] - ETA: 5s - loss: 0.2559 - binary_accuracy: 0.5110
1200/2835 [===========>..................] - ETA: 4s - loss: 0.2552 - binary_accuracy: 0.5125
1400/2835 [=============>................] - ETA: 4s - loss: 0.2550 - binary_accuracy: 0.5129
1600/2835 [===============>..............] - ETA: 3s - loss: 0.2540 - binary_accuracy: 0.5156
1800/2835 [==================>...........] - ETA: 3s - loss: 0.2528 - binary_accuracy: 0.5250
2000/2835 [====================>.........] - ETA: 2s - loss: 0.2523 - binary_accuracy: 0.5290
2200/2835 [======================>.......] - ETA: 1s - loss: 0.2517 - binary_accuracy: 0.5309
2400/2835 [========================>.....] - ETA: 1s - loss: 0.2512 - binary_accuracy: 0.5342
2600/2835 [==========================>...] - ETA: 0s - loss: 0.2522 - binary_accuracy: 0.5277
2800/2835 [============================>.] - ETA: 0s - loss: 0.2518 - binary_accuracy: 0.5321
2835/2835 [==============================] - 9s 3ms/step - loss: 0.2521 - binary_accuracy: 0.5305 - val_loss: 0.2468 - val_binary_accuracy: 0.5563
Epoch 17/20

 200/2835 [=>............................] - ETA: 7s - loss: 0.2545 - binary_accuracy: 0.5000
 400/2835 [===>..........................] - ETA: 7s - loss: 0.2513 - binary_accuracy: 0.5175
 600/2835 [=====>........................] - ETA: 6s - loss: 0.2516 - binary_accuracy: 0.5167
 800/2835 [=======>......................] - ETA: 6s - loss: 0.2523 - binary_accuracy: 0.5075
1000/2835 [=========>....................] - ETA: 5s - loss: 0.2530 - binary_accuracy: 0.5050
1200/2835 [===========>..................] - ETA: 4s - loss: 0.2524 - binary_accuracy: 0.5125
1400/2835 [=============>................] - ETA: 4s - loss: 0.2527 - binary_accuracy: 0.5129
1600/2835 [===============>..............] - ETA: 3s - loss: 0.2525 - binary_accuracy: 0.5181
1800/2835 [==================>...........] - ETA: 3s - loss: 0.2526 - binary_accuracy: 0.5194
2000/2835 [====================>.........] - ETA: 2s - loss: 0.2524 - binary_accuracy: 0.5215
2200/2835 [======================>.......] - ETA: 1s - loss: 0.2520 - binary_accuracy: 0.5232
2400/2835 [========================>.....] - ETA: 1s - loss: 0.2528 - binary_accuracy: 0.5221
2600/2835 [==========================>...] - ETA: 0s - loss: 0.2522 - binary_accuracy: 0.5242
2800/2835 [============================>.] - ETA: 0s - loss: 0.2525 - binary_accuracy: 0.5232
2835/2835 [==============================] - 9s 3ms/step - loss: 0.2525 - binary_accuracy: 0.5217 - val_loss: 0.2468 - val_binary_accuracy: 0.5563
Epoch 18/20

 200/2835 [=>............................] - ETA: 7s - loss: 0.2580 - binary_accuracy: 0.4800
 400/2835 [===>..........................] - ETA: 7s - loss: 0.2612 - binary_accuracy: 0.4650
 600/2835 [=====>........................] - ETA: 6s - loss: 0.2555 - binary_accuracy: 0.4950
 800/2835 [=======>......................] - ETA: 6s - loss: 0.2537 - binary_accuracy: 0.5000
1000/2835 [=========>....................] - ETA: 5s - loss: 0.2527 - binary_accuracy: 0.5110
1200/2835 [===========>..................] - ETA: 5s - loss: 0.2520 - binary_accuracy: 0.5092
1400/2835 [=============>................] - ETA: 4s - loss: 0.2517 - binary_accuracy: 0.5164
1600/2835 [===============>..............] - ETA: 3s - loss: 0.2529 - binary_accuracy: 0.5144
1800/2835 [==================>...........] - ETA: 3s - loss: 0.2527 - binary_accuracy: 0.5150
2000/2835 [====================>.........] - ETA: 2s - loss: 0.2526 - binary_accuracy: 0.5170
2200/2835 [======================>.......] - ETA: 1s - loss: 0.2524 - binary_accuracy: 0.5195
2400/2835 [========================>.....] - ETA: 1s - loss: 0.2528 - binary_accuracy: 0.5175
2600/2835 [==========================>...] - ETA: 0s - loss: 0.2529 - binary_accuracy: 0.5185
2800/2835 [============================>.] - ETA: 0s - loss: 0.2527 - binary_accuracy: 0.5207
2835/2835 [==============================] - 9s 3ms/step - loss: 0.2526 - binary_accuracy: 0.5220 - val_loss: 0.2469 - val_binary_accuracy: 0.5563
Epoch 19/20

 200/2835 [=>............................] - ETA: 7s - loss: 0.2549 - binary_accuracy: 0.5200
 400/2835 [===>..........................] - ETA: 7s - loss: 0.2587 - binary_accuracy: 0.5000
 600/2835 [=====>........................] - ETA: 6s - loss: 0.2579 - binary_accuracy: 0.5100
 800/2835 [=======>......................] - ETA: 6s - loss: 0.2575 - binary_accuracy: 0.4975
1000/2835 [=========>....................] - ETA: 5s - loss: 0.2551 - binary_accuracy: 0.5150
1200/2835 [===========>..................] - ETA: 4s - loss: 0.2548 - binary_accuracy: 0.5133
1400/2835 [=============>................] - ETA: 4s - loss: 0.2539 - binary_accuracy: 0.5207
1600/2835 [===============>..............] - ETA: 3s - loss: 0.2535 - binary_accuracy: 0.5244
1800/2835 [==================>...........] - ETA: 3s - loss: 0.2542 - binary_accuracy: 0.5178
2000/2835 [====================>.........] - ETA: 2s - loss: 0.2540 - binary_accuracy: 0.5225
2200/2835 [======================>.......] - ETA: 1s - loss: 0.2546 - binary_accuracy: 0.5205
2400/2835 [========================>.....] - ETA: 1s - loss: 0.2545 - binary_accuracy: 0.5242
2600/2835 [==========================>...] - ETA: 0s - loss: 0.2544 - binary_accuracy: 0.5231
2800/2835 [============================>.] - ETA: 0s - loss: 0.2538 - binary_accuracy: 0.5254
2835/2835 [==============================] - 9s 3ms/step - loss: 0.2537 - binary_accuracy: 0.5252 - val_loss: 0.2469 - val_binary_accuracy: 0.5563
Epoch 20/20

 200/2835 [=>............................] - ETA: 8s - loss: 0.2506 - binary_accuracy: 0.5550
 400/2835 [===>..........................] - ETA: 7s - loss: 0.2597 - binary_accuracy: 0.4875
 600/2835 [=====>........................] - ETA: 6s - loss: 0.2590 - binary_accuracy: 0.4900
 800/2835 [=======>......................] - ETA: 6s - loss: 0.2593 - binary_accuracy: 0.4900
1000/2835 [=========>....................] - ETA: 5s - loss: 0.2573 - binary_accuracy: 0.5050
1200/2835 [===========>..................] - ETA: 4s - loss: 0.2572 - binary_accuracy: 0.5000
1400/2835 [=============>................] - ETA: 4s - loss: 0.2566 - binary_accuracy: 0.5071
1600/2835 [===============>..............] - ETA: 3s - loss: 0.2549 - binary_accuracy: 0.5144
1800/2835 [==================>...........] - ETA: 3s - loss: 0.2554 - binary_accuracy: 0.5094
2000/2835 [====================>.........] - ETA: 2s - loss: 0.2547 - binary_accuracy: 0.5140
2200/2835 [======================>.......] - ETA: 1s - loss: 0.2543 - binary_accuracy: 0.5173
2400/2835 [========================>.....] - ETA: 1s - loss: 0.2546 - binary_accuracy: 0.5133
2600/2835 [==========================>...] - ETA: 0s - loss: 0.2541 - binary_accuracy: 0.5204
2800/2835 [============================>.] - ETA: 0s - loss: 0.2546 - binary_accuracy: 0.5164
2835/2835 [==============================] - 9s 3ms/step - loss: 0.2543 - binary_accuracy: 0.5175 - val_loss: 0.2469 - val_binary_accuracy: 0.5563
dec: 462, inc: 0

 32/462 [=>............................] - ETA: 0s
128/462 [=======>......................] - ETA: 0s
224/462 [=============>................] - ETA: 0s
320/462 [===================>..........] - ETA: 0s
416/462 [==========================>...] - ETA: 0s
462/462 [==============================] - 0s 738us/step
Точность работы на тестовых данных: 55.63%
